$ ruff check .
All checks passed!
exit=0
$ ruff format --check .
307 files already formatted
exit=0
$ mypy src
Success: no issues found in 39 source files
exit=0
$ pytest --cov (make coverage)
Coverage JSON written to file /home/lreyesm1999/release-evidence/coverage.json
Required test coverage of 85.0% reached. Total coverage: 98.57%
1605 passed in 48.94s
exit=0
$ coverage gate
{
  "status": "PASS",
  "line_coverage": 98.94,
  "branch_coverage": 97.41,
  "threshold_failures": []
}
exit=0
$ repo_check
    "manifest_integrity": true
  "status": "PASS"
exit=0
$ agentic-discipline doctor
  "status": "PASS"
exit=0
$ agentic-discipline integrity --base-ref origin/main
{
  "status": "PASS",
  "findings": [],
  "retired_tests": []
}
exit=0
